// Jest Snapshot v1, https://goo.gl/fbAQLP

exports[`Stateful tests Clicks a button and calls back to a method 1`] = `
<div>
  Basic Class
</div>
`;
